a52dec
aalib
acl
acpi
acpid
alsa-lib
alsa-oss
alsa-plugins
alsa-utils
alsi
apache-ant
apr
apr-util
apvlv
archey
archlinux-keyring
archlinux-wallpaper
aspell
aspell-en
atk
atkmm
attr
autoconf
automake
autossh
avahi
babl
bash
bc
binutils
bison
blas
boost
boost-libs
btrfs-progs
bzip2
ca-certificates
ca-certificates-java
cabextract
cairo
cairomm
chromium
clang
clang-analyzer
cloog
colord
compositeproto
compton-git
conky
coreutils
cpufrequtils
cracklib
cronie
cryptsetup
curl
damageproto
db
dbus
dbus-core
dbus-glib
dbus-python
dconf
desktop-file-utils
device-mapper
dhcpcd
dialog
diffutils
dirmngr
djvulibre
dmenu
dmxproto
dnssec-anchors
dot2tex
dri2proto
e2fsprogs
enca
enchant
ethtool
eventlog
evince
expat
faad2
fakeroot
feh
ffmpeg
file
filesystem
findutils
firefox
fixesproto
flac
flashplugin
flex
fontconfig
fontsproto
freeglut
freetype2
fribidi
fswebcam
fuse
gawk
gc
gcc
gcc-fortran
gcc-gcj
gcc-gcj-ecj
gcc-libs
gconf
gd
gdbm
gdk-pixbuf2
gegl
gettext
ghostscript
giblib
giflib
gimp
girara-common
girara-gtk2
git
glib
glib-networking
glib2
glibc
glibmm
glproto
gmp
gnome-icon-theme
gnome-icon-theme-symbolic
gnupg
gnutls
gperf
gpgme
gpm
graphviz
grep
groff
grub
gsasl
gsettings-desktop-schemas
gsfonts
gsl
gsm
gstreamer0.10
gstreamer0.10-base
gstreamer0.10-good
gstreamer0.10-good-plugins
gtk
gtk-update-icon-cache
gtk2
gtk3
gtkmm
gtkspell
gts
gvim
gzip
hdparm
heirloom-mailx
hicolor-icon-theme
hspell
htop
hunspell
hwids
iana-etc
icedtea-web-java7
icon-naming-utils
icu
imagemagick
imlib2
inetutils
initscripts
inkscape
inputproto
intel-dri
iproute2
iptables
iputils
isl
jack
jasper
java-jline
java-rhino
jdk7-openjdk
jfsutils
jna
jre7-openjdk
jre7-openjdk-headless
json-c
junit
kbd
kbproto
keyutils
kmod
krb5
lame
lapack
laptop-mode-tools
lcms
lcms2
ldns
less
lib32-alsa-lib
lib32-ati-dri
lib32-bzip2
lib32-dbus-core
lib32-expat
lib32-fontconfig
lib32-freetype2
lib32-gcc-libs
lib32-glib2
lib32-glibc
lib32-intel-dri
lib32-libdrm
lib32-libffi
lib32-libgl
lib32-libglapi
lib32-libice
lib32-libjpeg-turbo
lib32-libldap
lib32-libltdl
lib32-libmng
lib32-libpciaccess
lib32-libpng
lib32-libsm
lib32-libtiff
lib32-libx11
lib32-libxau
lib32-libxcb
lib32-libxcursor
lib32-libxdamage
lib32-libxdmcp
lib32-libxext
lib32-libxfixes
lib32-libxi
lib32-libxrandr
lib32-libxrender
lib32-libxss
lib32-libxv
lib32-libxxf86vm
lib32-mpg123
lib32-openssl
lib32-pcre
lib32-qt
lib32-sqlite3
lib32-util-linux
lib32-v4l-utils
lib32-zlib
libarchive
libart-lgpl
libass
libassuan
libasyncns
libavc1394
libcaca
libcap
libcroco
libcups
libdaemon
libdatrie
libdca
libdmx
libdrm
libdv
libdvbpsi
libdvdnav
libdvdread
libebml
libedit
libevent
libexif
libffi
libfontenc
libgcrypt
libgl
libglade
libglapi
libgnome-keyring
libgpg-error
libgphoto2
libgssglue
libgusb
libgxps
libice
libid3tag
libidn
libiec61883
libieee1284
libjpeg-turbo
libkate
libksba
libldap
libltdl
libmad
libmatroska
libmng
libmodplug
libmpc
libmpcdec
libmpdclient
libmpeg2
libnl
libnotify
libogg
libpcap
libpciaccess
libpipeline
libpng
libproxy
libpulse
libraw1394
librsvg
libsamplerate
libsasl
libshout
libsigc++
libsigsegv
libsm
libsndfile
libsoup
libsoup-gnome
libspectre
libssh2
libtasn1
libthai
libtheora
libtiff
libtiger
libtirpc
libtool
libtorrent
libupnp
libusb-compat
libusbx
libva
libvorbis
libvpx
libwmf
libx11
libxau
libxaw
libxcb
libxcomposite
libxcursor
libxdamage
libxdmcp
libxext
libxfixes
libxfont
libxft
libxi
libxinerama
libxkbfile
libxml2
libxmu
libxpm
libxrandr
libxrender
libxslt
libxss
libxt
libxtst
libxv
libxvmc
libxxf86dga
libxxf86vm
libyaml
licenses
links
linux
linux-api-headers
linux-firmware
linux-headers
llvm
logrotate
lsb-release
lua
lvm2
lynx
m4
make
man-db
man-pages
mcpp
mdadm
mercurial
mesa
mime-types
mkinitcpio
mkinitcpio-busybox
mozilla-common
mozplugger-chromium
mpfr
mpg123
msmtp
mtdev
mumble
mutt
nano
ncdu
ncmpcpp
ncurses
neon
net-snmp
net-tools
netcfg
nettle
nspr
nss
ntp
offlineimap
opencore-amr
openjpeg
openssh
openssl
orc
p11-kit
pacgraph
pacman
pacman-mirrorlist
pam
pango
pangomm
patch
pciutils
pcmciautils
pcre
pdftk
perl
perl-error
perl-xml-parser
perl-xml-simple
pinentry
pixman
pkg-config
plotutils
pm-quirks
pm-utils
polkit
poppler
poppler-data
poppler-glib
popt
powertop
ppl
ppp
pptpclient
procps-ng
protobuf
psmisc
pstoedit
pth
pygobject2-devel
pygtk
pyqt
python
python-imaging
python-reportlab
python2
python2-cairo
python2-dateutil
python2-docutils
python2-feedparser
python2-gconf
python2-gobject2
python2-matplotlib
python2-numpy
python2-pyparsing
python2-pyqt
python2-pytz
python2-sip
python2-urwid
qt
qtwebkit
randrproto
readline
recode
recordproto
reiserfsprogs
renderproto
rhino
rsync
rtmpdump
rtorrent
ruby
run-parts
rxvt-unicode
sane
schroedinger
screen
scrnsaverproto
scrot
sdl
sdl_image
sed
shadow
shared-color-profiles
shared-mime-info
sip
sk1libs
skype
slock
socat
speex
sqlite
sshfs
startup-notification
subversion
sudo
sxiv
sysfsutils
syslog-ng
systemd-tools
sysvinit
t1lib
taglib
tamsyn-font
tar
terminus-font
termsyn
texinfo
texlive-bin
texlive-core
texlive-latexextra
texlive-publishers
ttf-dejavu
ttf-freefont
ttf-inconsolata
ttf-ms-fonts
tzdata
unclutter
uniconvertor
unixodbc
unrar
unzip
urxvt-url-select
usbutils
util-linux
v4l-utils
v4l2ucp
vi
videoproto
vim-runtime
vlc
vloopback-svn
wavpack
wget
which
wicd
wireless_tools
wireshark-cli
wmctrl
wmname
wpa_supplicant
x264
xanim
xbitmaps
xcb-proto
xcb-util
xcb-util-keysyms
xcompmgr
xdg-utils
xextproto
xf86-input-acecad
xf86-input-aiptek
xf86-input-evdev
xf86-input-joystick
xf86-input-keyboard
xf86-input-mouse
xf86-input-synaptics
xf86-input-vmmouse
xf86-input-void
xf86-video-intel
xf86dgaproto
xf86vidmodeproto
xfsprogs
xineramaproto
xkeyboard-config
xmlrpc-c
xmobar
xorg-bdftopcf
xorg-docs
xorg-font-util
xorg-font-utils
xorg-fonts-100dpi
xorg-fonts-75dpi
xorg-fonts-alias
xorg-fonts-encodings
xorg-fonts-misc
xorg-iceauth
xorg-luit
xorg-mkfontdir
xorg-mkfontscale
xorg-server
xorg-server-common
xorg-server-utils
xorg-sessreg
xorg-setxkbmap
xorg-smproxy
xorg-twm
xorg-utils
xorg-x11perf
xorg-xauth
xorg-xbacklight
xorg-xclock
xorg-xcmsdb
xorg-xcursorgen
xorg-xdpyinfo
xorg-xdriinfo
xorg-xev
xorg-xfd
xorg-xfontsel
xorg-xgamma
xorg-xhost
xorg-xinit
xorg-xinput
xorg-xkbcomp
xorg-xkbevd
xorg-xkbutils
xorg-xkill
xorg-xlsatoms
xorg-xlsclients
xorg-xlsfonts
xorg-xmodmap
xorg-xpr
xorg-xprop
xorg-xrandr
xorg-xrdb
xorg-xrefresh
xorg-xset
xorg-xsetroot
xorg-xvinfo
xorg-xwd
xorg-xwininfo
xorg-xwud
xproto
xterm
xvidcore
xz
zathura
zathura-pdf-poppler
zathura-ps
zip
zlib
zsh
zvbi
zziplib
