acpi
alsa-oss
alsa-plugins
alsa-utils
alsi
apache-ant
apvlv
archey
archlinux-wallpaper
aspell-en
autoconf
automake
autossh
bash
bc
binutils
bison
boost
btrfs-progs
bzip2
chromium
clang
clang-analyzer
compton-git
conky
coreutils
cpufrequtils
cronie
cryptsetup
device-mapper
dhcpcd
diffutils
dmenu
dot2tex
e2fsprogs
evince
fakeroot
feh
file
filesystem
findutils
firefox
flashplugin
flex
fswebcam
gawk
gcc
gcc-fortran
gcc-gcj
gcc-gcj-ecj
gettext
ghc
ghostscript
gimp
git
glibc
gomplay-git
gomstreamer-git
grep
grub
gsfonts
gstreamer0.10-base
gstreamer0.10-good
gstreamer0.10-good-plugins
gtk
gvim
gzip
heirloom-mailx
htop
icedtea-web-java7
initscripts
inkscape
iptables
iputils
jdk7-openjdk
jfsutils
jna
junit
laptop-mode-tools
less
lib32-ati-dri
lib32-intel-dri
lib32-libldap
lib32-mpg123
lib32-v4l-utils
libpipeline
libreoffice-base
libreoffice-common
libreoffice-sdk
libtool
licenses
links
linux
linux-headers
logrotate
lvm2
lynx
m4
make
man-db
man-pages
mdadm
mercurial
mozplugger-chromium
mplayer
msmtp
mumble
mutt
nano
ncdu
ncmpcpp
ncurses
netcfg
ntp
offlineimap
openssh
pacgraph
pacman
pacman-mirrorlist
patch
pciutils
pcmciautils
pdftk
perl
pkg-config
pm-utils
powertop
ppp
pptpclient
procps-ng
psmisc
pstoedit
python2-docutils
python2-feedparser
python2-gconf
python2-matplotlib
python2-numpy
reiserfsprogs
rsync
rtorrent
rxvt-unicode
screen
scrot
sed
shadow
skype
slock
socat
sshfs
subversion
sudo
sxiv
sysfsutils
syslog-ng
systemd-tools
sysvinit
tamsyn-font
tar
terminus-font
termsyn
texinfo
texlive-core
texlive-latexextra
texlive-publishers
ttf-ms-fonts
unclutter
uniconvertor
unrar
unzip
urxvt-url-select
usbutils
util-linux
v4l2ucp
vi
vlc
vloopback-svn
wget
which
wicd
wine
wine_gecko
wireshark-cli
wmctrl
wmname
wpa_supplicant
xanim
xcompmgr
xf86-input-acecad
xf86-input-aiptek
xf86-input-joystick
xf86-input-keyboard
xf86-input-mouse
xf86-input-synaptics
xf86-input-vmmouse
xf86-input-void
xf86-video-intel
xfsprogs
xmobar
xorg-docs
xorg-fonts-100dpi
xorg-fonts-75dpi
xorg-server
xorg-server-utils
xorg-smproxy
xorg-twm
xorg-utils
xorg-x11perf
xorg-xclock
xorg-xcursorgen
xorg-xfd
xorg-xfontsel
xorg-xinit
xorg-xkbevd
xorg-xkbutils
xorg-xkill
xorg-xlsfonts
xorg-xpr
xorg-xwd
xorg-xwud
xterm
zathura
zathura-pdf-poppler
zathura-ps
zsh
